// Jest Snapshot v1, https://goo.gl/fbAQLP

exports[`renders 1`] = `
<div>
  <div>
    <p>
      Recruiter Dashboard
    </p>
  </div>
</div>
`;
